2026-05-29 11:08:59,132 | INFO | xyfrag.loader | Loaded 2 chunks from 1 files
2026-05-29 11:08:59,135 | INFO | xyfrag.index | Saved index with 2 chunks to data/index
2026-05-29 11:08:59,135 | INFO | __main__ | Index build complete
2026-05-29 11:09:43,360 | INFO | __main__ | Boundary classifier report:
              precision    recall  f1-score   support

           0      1.000     0.800     0.889         5
           1      0.833     1.000     0.909         5

    accuracy                          0.900        10
   macro avg      0.917     0.900     0.899        10
weighted avg      0.917     0.900     0.899        10

2026-05-29 11:09:43,364 | INFO | __main__ | Saved boundary classifier to models/boundary_classifier/classifier.joblib
2026-05-29 11:10:07,159 | INFO | __main__ | Boundary classifier report:
              precision    recall  f1-score   support

           0      0.500     1.000     0.667         5
           1      0.000     0.000     0.000         5

    accuracy                          0.500        10
   macro avg      0.250     0.500     0.333        10
weighted avg      0.250     0.500     0.333        10

2026-05-29 11:10:07,162 | INFO | __main__ | Saved boundary classifier to models/boundary_classifier/classifier.joblib
2026-05-29 11:10:25,810 | INFO | __main__ | Boundary classifier report:
              precision    recall  f1-score   support

           0      0.800     0.800     0.800         5
           1      0.800     0.800     0.800         5

    accuracy                          0.800        10
   macro avg      0.800     0.800     0.800        10
weighted avg      0.800     0.800     0.800        10

2026-05-29 11:10:25,815 | INFO | __main__ | Saved boundary classifier to models/boundary_classifier/classifier.joblib
2026-05-29 11:11:24,828 | INFO | xyfrag.index | Loaded index with 2 chunks from data/index
2026-05-29 11:11:25,398 | INFO | xyfrag.classifier | Boundary classifier loaded from models/boundary_classifier/classifier.joblib
2026-05-29 11:11:36,397 | INFO | xyfrag.service | User query session=demo-boundary query=今天天气怎么样
2026-05-29 11:11:36,397 | INFO | xyfrag.service | Boundary rejected query session=demo-boundary probability=0.000
2026-05-29 11:11:36,574 | INFO | xyfrag.service | User query session=demo-rag query=挂科后什么时候申请补考？
2026-05-29 11:11:36,575 | INFO | xyfrag.retriever | Hybrid retrieval docs=['campus_guide-0001', 'campus_guide-0002']
2026-05-29 11:11:36,575 | INFO | xyfrag.reranker | Reranked docs=['campus_guide-0001', 'campus_guide-0002']
2026-05-29 11:12:16,171 | INFO | xyfrag.loader | Loaded 2 chunks from 1 files
2026-05-29 11:12:16,177 | INFO | xyfrag.index | Saved index with 2 chunks to data/index
2026-05-29 11:12:16,177 | INFO | __main__ | Index build complete
2026-05-29 11:12:34,911 | INFO | xyfrag.index | Loaded index with 2 chunks from data/index
2026-05-29 11:12:35,518 | INFO | xyfrag.classifier | Boundary classifier loaded from models/boundary_classifier/classifier.joblib
2026-05-29 11:12:44,073 | INFO | xyfrag.service | User query session=demo-rag-2 query=挂科后什么时候申请补考？
2026-05-29 11:12:44,074 | INFO | xyfrag.retriever | Hybrid retrieval docs=['campus_guide-0001', 'campus_guide-0002']
2026-05-29 11:12:44,074 | INFO | xyfrag.reranker | Reranked docs=['campus_guide-0001', 'campus_guide-0002']
2026-05-29 11:12:44,075 | INFO | xyfrag.service | User query session=demo-boundary-2 query=给我讲个笑话
2026-05-29 11:12:44,075 | INFO | xyfrag.service | Boundary rejected query session=demo-boundary-2 probability=0.000
2026-05-29 11:14:25,706 | INFO | xyfrag.index | Loaded index with 2 chunks from data/index
2026-05-29 11:14:26,335 | INFO | xyfrag.classifier | Boundary classifier loaded from models/boundary_classifier/classifier.joblib
2026-05-29 11:14:34,733 | INFO | xyfrag.service | User query session=demo-rag-3 query=挂科后什么时候申请补考？
2026-05-29 11:14:34,733 | INFO | xyfrag.retriever | Hybrid retrieval docs=['campus_guide-0001', 'campus_guide-0002']
2026-05-29 11:14:34,734 | INFO | xyfrag.reranker | Reranked docs=['campus_guide-0001', 'campus_guide-0002']
2026-05-29 11:14:34,735 | INFO | xyfrag.service | User query session=demo-boundary-3 query=今天吃什么？
2026-05-29 11:14:34,735 | INFO | xyfrag.service | Boundary rejected query session=demo-boundary-3 probability=0.004
2026-05-29 11:15:20,048 | INFO | xyfrag.index | Loaded index with 2 chunks from data/index
2026-05-29 11:15:20,659 | INFO | xyfrag.classifier | Boundary classifier loaded from models/boundary_classifier/classifier.joblib
2026-05-29 11:15:28,418 | INFO | xyfrag.service | User query session=demo-rag-4 query=挂科后什么时候申请补考？
2026-05-29 11:15:28,419 | INFO | xyfrag.retriever | Hybrid retrieval docs=['campus_guide-0001', 'campus_guide-0002']
2026-05-29 11:15:28,419 | INFO | xyfrag.reranker | Reranked docs=['campus_guide-0001', 'campus_guide-0002']
2026-05-29 11:15:28,420 | INFO | xyfrag.service | User query session=demo-boundary-4 query=给我讲个笑话
2026-05-29 11:15:28,421 | INFO | xyfrag.service | Boundary rejected query session=demo-boundary-4 probability=0.000
2026-05-29 11:16:17,304 | INFO | xyfrag.loader | Loaded 2 chunks from 1 files
2026-05-29 11:16:17,306 | INFO | xyfrag.index | Saved index with 2 chunks to data/index
2026-05-29 11:16:17,306 | INFO | __main__ | Index build complete
2026-05-29 11:16:31,222 | INFO | xyfrag.index | Loaded index with 2 chunks from data/index
2026-05-29 11:16:31,869 | INFO | xyfrag.classifier | Boundary classifier loaded from models/boundary_classifier/classifier.joblib
2026-05-29 11:16:42,573 | INFO | xyfrag.service | User query session=demo-rag-6 query=请假超过三天谁审批？
2026-05-29 11:16:42,573 | INFO | xyfrag.retriever | Hybrid retrieval docs=['campus_guide-0002', 'campus_guide-0001']
2026-05-29 11:16:42,574 | INFO | xyfrag.reranker | Reranked docs=['campus_guide-0002', 'campus_guide-0001']
2026-05-29 11:16:42,574 | INFO | xyfrag.service | User query session=demo-rag-5 query=挂科后什么时候申请补考？
2026-05-29 11:16:42,575 | INFO | xyfrag.retriever | Hybrid retrieval docs=['campus_guide-0001', 'campus_guide-0002']
2026-05-29 11:16:42,575 | INFO | xyfrag.reranker | Reranked docs=['campus_guide-0001', 'campus_guide-0002']
2026-05-29 11:17:20,726 | INFO | httpx | HTTP Request: GET http://127.0.0.1:7860/startup-events "HTTP/1.1 200 OK"
2026-05-29 11:17:20,734 | INFO | httpx | HTTP Request: HEAD http://127.0.0.1:7860/ "HTTP/1.1 200 OK"
2026-05-29 11:17:21,037 | INFO | httpx | HTTP Request: GET https://checkip.amazonaws.com/ "HTTP/1.1 200 "
2026-05-29 11:17:21,078 | INFO | httpx | HTTP Request: GET https://checkip.amazonaws.com/ "HTTP/1.1 200 "
2026-05-29 11:17:21,448 | INFO | httpx | HTTP Request: GET https://api.gradio.app/pkg-version "HTTP/1.1 200 OK"
